Archive member included because of file (symbol)

c:/freescale/kds_v3/toolchain/bin/../lib/gcc/arm-none-eabi/4.8.4/../../../../arm-none-eabi/lib/armv7e-m/fpu\libg_s.a(lib_a-exit.o)
                              c:/freescale/kds_v3/toolchain/bin/../lib/gcc/arm-none-eabi/4.8.4/../../../../arm-none-eabi/lib/armv7e-m/fpu/crt0.o (exit)
c:/freescale/kds_v3/toolchain/bin/../lib/gcc/arm-none-eabi/4.8.4/../../../../arm-none-eabi/lib/armv7e-m/fpu\libg_s.a(lib_a-impure.o)
                              c:/freescale/kds_v3/toolchain/bin/../lib/gcc/arm-none-eabi/4.8.4/../../../../arm-none-eabi/lib/armv7e-m/fpu\libg_s.a(lib_a-exit.o) (_global_impure_ptr)
c:/freescale/kds_v3/toolchain/bin/../lib/gcc/arm-none-eabi/4.8.4/../../../../arm-none-eabi/lib/armv7e-m/fpu\libg_s.a(lib_a-init.o)
                              c:/freescale/kds_v3/toolchain/bin/../lib/gcc/arm-none-eabi/4.8.4/../../../../arm-none-eabi/lib/armv7e-m/fpu/crt0.o (__libc_init_array)
c:/freescale/kds_v3/toolchain/bin/../lib/gcc/arm-none-eabi/4.8.4/../../../../arm-none-eabi/lib/armv7e-m/fpu\libg_s.a(lib_a-memset.o)
                              c:/freescale/kds_v3/toolchain/bin/../lib/gcc/arm-none-eabi/4.8.4/../../../../arm-none-eabi/lib/armv7e-m/fpu/crt0.o (memset)
c:/freescale/kds_v3/toolchain/bin/../lib/gcc/arm-none-eabi/4.8.4/../../../../arm-none-eabi/lib/armv7e-m/fpu\libg_s.a(lib_a-printf.o)
                              ./Sources/main.o (printf)
c:/freescale/kds_v3/toolchain/bin/../lib/gcc/arm-none-eabi/4.8.4/../../../../arm-none-eabi/lib/armv7e-m/fpu\libg_s.a(lib_a-sprintf.o)
                              ./Sources/main.o (sprintf)
c:/freescale/kds_v3/toolchain/bin/../lib/gcc/arm-none-eabi/4.8.4/../../../../arm-none-eabi/lib/armv7e-m/fpu\libg_s.a(lib_a-strcmp.o)
                              ./Sources/main.o (strcmp)
c:/freescale/kds_v3/toolchain/bin/../lib/gcc/arm-none-eabi/4.8.4/../../../../arm-none-eabi/lib/armv7e-m/fpu\libg_s.a(lib_a-strcpy.o)
                              ./Sources/main.o (strcpy)
c:/freescale/kds_v3/toolchain/bin/../lib/gcc/arm-none-eabi/4.8.4/../../../../arm-none-eabi/lib/armv7e-m/fpu\libg_s.a(lib_a-svfprintf.o)
                              c:/freescale/kds_v3/toolchain/bin/../lib/gcc/arm-none-eabi/4.8.4/../../../../arm-none-eabi/lib/armv7e-m/fpu\libg_s.a(lib_a-sprintf.o) (_svfprintf_r)
c:/freescale/kds_v3/toolchain/bin/../lib/gcc/arm-none-eabi/4.8.4/../../../../arm-none-eabi/lib/armv7e-m/fpu\libg_s.a(lib_a-vfprintf.o)
                              c:/freescale/kds_v3/toolchain/bin/../lib/gcc/arm-none-eabi/4.8.4/../../../../arm-none-eabi/lib/armv7e-m/fpu\libg_s.a(lib_a-printf.o) (_vfprintf_r)
c:/freescale/kds_v3/toolchain/bin/../lib/gcc/arm-none-eabi/4.8.4/../../../../arm-none-eabi/lib/armv7e-m/fpu\libg_s.a(lib_a-vfprintf_i.o)
                              c:/freescale/kds_v3/toolchain/bin/../lib/gcc/arm-none-eabi/4.8.4/../../../../arm-none-eabi/lib/armv7e-m/fpu\libg_s.a(lib_a-svfprintf.o) (_printf_i)
c:/freescale/kds_v3/toolchain/bin/../lib/gcc/arm-none-eabi/4.8.4/../../../../arm-none-eabi/lib/armv7e-m/fpu\libg_s.a(lib_a-wbuf.o)
                              c:/freescale/kds_v3/toolchain/bin/../lib/gcc/arm-none-eabi/4.8.4/../../../../arm-none-eabi/lib/armv7e-m/fpu\libg_s.a(lib_a-vfprintf.o) (__swbuf_r)
c:/freescale/kds_v3/toolchain/bin/../lib/gcc/arm-none-eabi/4.8.4/../../../../arm-none-eabi/lib/armv7e-m/fpu\libg_s.a(lib_a-wsetup.o)
                              c:/freescale/kds_v3/toolchain/bin/../lib/gcc/arm-none-eabi/4.8.4/../../../../arm-none-eabi/lib/armv7e-m/fpu\libg_s.a(lib_a-vfprintf.o) (__swsetup_r)
c:/freescale/kds_v3/toolchain/bin/../lib/gcc/arm-none-eabi/4.8.4/../../../../arm-none-eabi/lib/armv7e-m/fpu\libg_s.a(lib_a-fflush.o)
                              c:/freescale/kds_v3/toolchain/bin/../lib/gcc/arm-none-eabi/4.8.4/../../../../arm-none-eabi/lib/armv7e-m/fpu\libg_s.a(lib_a-wbuf.o) (_fflush_r)
c:/freescale/kds_v3/toolchain/bin/../lib/gcc/arm-none-eabi/4.8.4/../../../../arm-none-eabi/lib/armv7e-m/fpu\libg_s.a(lib_a-findfp.o)
                              c:/freescale/kds_v3/toolchain/bin/../lib/gcc/arm-none-eabi/4.8.4/../../../../arm-none-eabi/lib/armv7e-m/fpu\libg_s.a(lib_a-printf.o) (__sinit)
c:/freescale/kds_v3/toolchain/bin/../lib/gcc/arm-none-eabi/4.8.4/../../../../arm-none-eabi/lib/armv7e-m/fpu\libg_s.a(lib_a-fvwrite.o)
                              c:/freescale/kds_v3/toolchain/bin/../lib/gcc/arm-none-eabi/4.8.4/../../../../arm-none-eabi/lib/armv7e-m/fpu\libg_s.a(lib_a-vfprintf.o) (__sfvwrite_r)
c:/freescale/kds_v3/toolchain/bin/../lib/gcc/arm-none-eabi/4.8.4/../../../../arm-none-eabi/lib/armv7e-m/fpu\libg_s.a(lib_a-fwalk.o)
                              c:/freescale/kds_v3/toolchain/bin/../lib/gcc/arm-none-eabi/4.8.4/../../../../arm-none-eabi/lib/armv7e-m/fpu\libg_s.a(lib_a-findfp.o) (_fwalk)
c:/freescale/kds_v3/toolchain/bin/../lib/gcc/arm-none-eabi/4.8.4/../../../../arm-none-eabi/lib/armv7e-m/fpu\libg_s.a(lib_a-makebuf.o)
[...]
Memory Configuration

Name             Origin             Length             Attributes
m_interrupts     0x00000000         0x00000198         xr
m_text           0x00000410         0x000ff7f0         xr
m_data_1FFF0000  0x1fff0000         0x00010000         rw
m_data           0x20000000         0x00030000         rw
NVME_Config      0x000ffc00         0x00000400         xrw
m_cfmprotrom     0x00000400         0x00000010         xr
*default*        0x00000000         0xffffffff

Linker script and memory map

LOAD c:/freescale/kds_v3/toolchain/bin/../lib/gcc/arm-none-eabi/4.8.4/armv7e-m/fpu/crti.o
LOAD c:/freescale/kds_v3/toolchain/bin/../lib/gcc/arm-none-eabi/4.8.4/armv7e-m/fpu/crtbegin.o
LOAD c:/freescale/kds_v3/toolchain/bin/../lib/gcc/arm-none-eabi/4.8.4/../../../../arm-none-eabi/lib/armv7e-m/fpu/crt0.o
LOAD ./Static_Code/System/CPU_Init.o
LOAD ./Static_Code/System/Peripherals_Init.o
LOAD ./Static_Code/System/Vectors.o
LOAD ./Sources/Events.o
LOAD ./Sources/main.o
LOAD ./Project_Settings/Startup_Code/startup.o
LOAD ./Generated_Code/Cpu.o
LOAD ./Generated_Code/CsIO1.o
LOAD ./Generated_Code/IFsh1.o
LOAD ./Generated_Code/IO1.o
LOAD ./Generated_Code/IntFlashLdd1.o
LOAD ./Generated_Code/MCUC1.o
LOAD ./Generated_Code/PE_LDD.o
LOAD ./Generated_Code/Pins1.o
LOAD ./Generated_Code/SM1.o
LOAD ./Generated_Code/WAIT1.o
LOAD c:/freescale/kds_v3/toolchain/bin/../lib/gcc/arm-none-eabi/4.8.4/../../../../arm-none-eabi/lib/armv7e-m/fpu\libstdc++_s.a
LOAD c:/freescale/kds_v3/toolchain/bin/../lib/gcc/arm-none-eabi/4.8.4/../../../../arm-none-eabi/lib/armv7e-m/fpu\libm.a
START GROUP
LOAD c:/freescale/kds_v3/toolchain/bin/../lib/gcc/arm-none-eabi/4.8.4/armv7e-m/fpu\libgcc.a
LOAD c:/freescale/kds_v3/toolchain/bin/../lib/gcc/arm-none-eabi/4.8.4/../../../../arm-none-eabi/lib/armv7e-m/fpu\libg_s.a
LOAD c:/freescale/kds_v3/toolchain/bin/../lib/gcc/arm-none-eabi/4.8.4/../../../../arm-none-eabi/lib/armv7e-m/fpu\libc_s.a
END GROUP
START GROUP
LOAD c:/freescale/kds_v3/toolchain/bin/../lib/gcc/arm-none-eabi/4.8.4/armv7e-m/fpu\libgcc.a
LOAD c:/freescale/kds_v3/toolchain/bin/../lib/gcc/arm-none-eabi/4.8.4/../../../../arm-none-eabi/lib/armv7e-m/fpu\libc_s.a
LOAD c:/freescale/kds_v3/toolchain/bin/../lib/gcc/arm-none-eabi/4.8.4/../../../../arm-none-eabi/lib/armv7e-m/fpu\libnosys.a
END GROUP
START GROUP
LOAD c:/freescale/kds_v3/toolchain/bin/../lib/gcc/arm-none-eabi/4.8.4/armv7e-m/fpu\libgcc.a
LOAD c:/freescale/kds_v3/toolchain/bin/../lib/gcc/arm-none-eabi/4.8.4/../../../../arm-none-eabi/lib/armv7e-m/fpu\libc_s.a
LOAD c:/freescale/kds_v3/toolchain/bin/../lib/gcc/arm-none-eabi/4.8.4/../../../../arm-none-eabi/lib/armv7e-m/fpu\libnosys.a
END GROUP
LOAD c:/freescale/kds_v3/toolchain/bin/../lib/gcc/arm-none-eabi/4.8.4/armv7e-m/fpu/crtend.o
LOAD c:/freescale/kds_v3/toolchain/bin/../lib/gcc/arm-none-eabi/4.8.4/armv7e-m/fpu/crtn.o
                0x20030000                _estack = 0x20030000
                0x20030000                __SP_INIT = _estack
                0x20030000                __stack = _estack
                0x00000000                __heap_size = 0x0
                0x00000400                __stack_size = 0x400

.interrupts     0x00000000      0x198
                0x00000000                __vector_table = .
                0x00000000                . = ALIGN (0x4)
 *(.vectortable)
 .vectortable   0x00000000      0x198 ./Static_Code/System/Vectors.o
                0x00000000                __vect_table
                0x00000198                . = ALIGN (0x4)

.cfmprotect     0x00000400        0x0
                0x00000400                . = ALIGN (0x4)
 *(.cfmconfig)
                0x00000400                . = ALIGN (0x4)

.text           0x00000410     0x38d0
                0x00000410                . = ALIGN (0x4)
 *(.text)
 .text          0x00000410       0x54 c:/freescale/kds_v3/toolchain/bin/../lib/gcc/arm-none-eabi/4.8.4/armv7e-m/fpu/crtbegin.o
 .text          0x00000464       0x74 c:/freescale/kds_v3/toolchain/bin/../lib/gcc/arm-none-eabi/4.8.4/../../../../arm-none-eabi/lib/armv7e-m/fpu/crt0.o
                0x00000464                _start
                0x00000464                _mainCRTStartup
 .text          0x000004d8       0x14 c:/freescale/kds_v3/toolchain/bin/../lib/gcc/arm-none-eabi/4.8.4/../../../../arm-none-eabi/lib/armv7e-m/fpu\libg_s.a(lib_a-strcmp.o)
                0x000004d8                strcmp
 *(.text*)
 .text.CPU_SetBASEPRI
                0x000004ec       0x18 ./Static_Code/System/CPU_Init.o
                0x000004ec                CPU_SetBASEPRI
 .text.__init_hardware
                0x00000504       0xdc ./Static_Code/System/CPU_Init.o
                0x00000504                __init_hardware
 .text.PE_low_level_init
                0x000005e0       0x14 ./Static_Code/System/CPU_Init.o
                0x000005e0                PE_low_level_init
 .text.CPU_GetClockGenMode
                0x000005f4       0x90 ./Static_Code/System/CPU_Init.o
                0x000005f4                CPU_GetClockGenMode
 .text.CPU_SetClockConfigGenMode
                0x00000684      0x54c ./Static_Code/System/CPU_Init.o
                0x00000684                CPU_SetClockConfigGenMode
 .text.CPU_GetClockConfiguration
                0x00000bd0       0x18 ./Static_Code/System/CPU_Init.o
                0x00000bd0                CPU_GetClockConfiguration
 .text.UnhandledInterrupt
                0x00000be8       0x18 ./Static_Code/System/Vectors.o
                0x00000be8                UnhandledInterrupt
 .text.Cpu_OnNMI
                0x00000c00        0xc ./Sources/Events.o
                0x00000c00                Cpu_OnNMI
 .text.SM1_OnBlockSent
                0x00000c0c       0x14 ./Sources/Events.o
                0x00000c0c                SM1_OnBlockSent
 .text.SM1_OnBlockReceived
                0x00000c20       0x14 ./Sources/Events.o
                0x00000c20                SM1_OnBlockReceived
 .text.IFsh1_OnWriteEnd
                0x00000c34        0xc ./Sources/Events.o
                0x00000c34                IFsh1_OnWriteEnd
 .text.software_delay
                0x00000c40       0x20 ./Sources/main.o
                0x00000c40                software_delay
 .text.keypad_scan
                0x00000c60       0xf8 ./Sources/main.o
                0x00000c60                keypad_scan
 .text.motor_rot_cw
                0x00000d58       0x70 ./Sources/main.o
                0x00000d58                motor_rot_cw
 .text.motor_rot_ccw
                0x00000dc8       0x70 ./Sources/main.o
                0x00000dc8                motor_rot_ccw
 .text.main     0x00000e38      0x3b8 ./Sources/main.o
                0x00000e38                main
 .text.__copy_rom_section
                0x000011f0       0xe4 ./Project_Settings/Startup_Code/startup.o
                0x000011f0                __copy_rom_section
 .text.__copy_rom_sections_to_ram
                0x000012d4       0x9c ./Project_Settings/Startup_Code/startup.o
                0x000012d4                __copy_rom_sections_to_ram
 .text.__init_registers
                0x00001370       0x20 ./Project_Settings/Startup_Code/startup.o
                0x00001370                __init_registers
 .text.__init_user
                0x00001390        0xc ./Project_Settings/Startup_Code/startup.o
                0x00001390                __init_user
 .text.__thumb_startup
                0x0000139c       0x34 ./Project_Settings/Startup_Code/startup.o
                0x0000139c                __thumb_startup
 .text.Common_Init
                0x000013d0      0x118 ./Generated_Code/Cpu.o
                0x000013d0                Common_Init
 .text.Components_Init
                0x000014e8       0x18 ./Generated_Code/Cpu.o
                0x000014e8                Components_Init
 .text.Cpu_INT_NMIInterrupt
                0x00001500       0x1c ./Generated_Code/Cpu.o
                0x00001500                Cpu_INT_NMIInterrupt
 .text._read    0x0000151c       0x7c ./Generated_Code/CsIO1.o
                0x0000151c                _read
 .text._write   0x00001598       0x74 ./Generated_Code/CsIO1.o
                0x00001598                _write
 .text.IFsh1_GetFlash
                0x0000160c       0x94 ./Generated_Code/IFsh1.o
                0x0000160c                IFsh1_GetFlash
 .text.IFsh1_SetFlash
                0x000016a0      0x120 ./Generated_Code/IFsh1.o
                0x000016a0                IFsh1_SetFlash
 .text.IFsh1_Init
                0x000017c0       0x34 ./Generated_Code/IFsh1.o
                0x000017c0                IFsh1_Init
 .text.IFsh1_SetByteFlash
                0x000017f4       0x24 ./Generated_Code/IFsh1.o
                0x000017f4                IFsh1_SetByteFlash
 .text.IFsh1_GetByteFlash
                0x00001818       0x20 ./Generated_Code/IFsh1.o
                0x00001818                IFsh1_GetByteFlash
 .text.IntFlashLdd1_OnOperationComplete
                0x00001838       0x94 ./Generated_Code/IFsh1.o
                0x00001838                IntFlashLdd1_OnOperationComplete
 .text.IntFlashLdd1_OnError
                0x000018cc       0x54 ./Generated_Code/IFsh1.o
                0x000018cc                IntFlashLdd1_OnError
 .text.IO1_Init
                0x00001920      0x104 ./Generated_Code/IO1.o
                0x00001920                IO1_Init
 .text.HWEnDi   0x00001a24       0x64 ./Generated_Code/IO1.o
 .text.IO1_SetClockConfiguration
                0x00001a88       0xd0 ./Generated_Code/IO1.o
                0x00001a88                IO1_SetClockConfiguration
 .text.IntFlashLdd1_Init
                0x00001b58       0xac ./Generated_Code/IntFlashLdd1.o
                0x00001b58                IntFlashLdd1_Init
 .text.IntFlashLdd1_Write
                0x00001c04       0xa0 ./Generated_Code/IntFlashLdd1.o
                0x00001c04                IntFlashLdd1_Write
 .text.IntFlashLdd1_Read
                0x00001ca4       0x7c ./Generated_Code/IntFlashLdd1.o
                0x00001ca4                IntFlashLdd1_Read
 .text.IntFlashLdd1_Erase
                0x00001d20       0xbc ./Generated_Code/IntFlashLdd1.o
                0x00001d20                IntFlashLdd1_Erase
 .text.IntFlashLdd1_Main
                0x00001ddc      0x114 ./Generated_Code/IntFlashLdd1.o
                0x00001ddc                IntFlashLdd1_Main
 .text.IntFlashLdd1_CommandCompleteInterrupt
                0x00001ef0      0x318 ./Generated_Code/IntFlashLdd1.o
                0x00001ef0                IntFlashLdd1_CommandCompleteInterrupt
 .text.IntFlashLdd1_GetError
                0x00002208       0x90 ./Generated_Code/IntFlashLdd1.o
                0x00002208                IntFlashLdd1_GetError
 .text.RangeCheck
                0x00002298       0x38 ./Generated_Code/IntFlashLdd1.o
 .text.SafeRoutineCaller
                0x000022d0       0x94 ./Generated_Code/IntFlashLdd1.o
 .text.IntFlashLdd1_SetClockConfiguration
                0x00002364       0x64 ./Generated_Code/IntFlashLdd1.o
                0x00002364                IntFlashLdd1_SetClockConfiguration
 .text.MCUC1_Init
                0x000023c8        0xc ./Generated_Code/MCUC1.o
                0x000023c8                MCUC1_Init
 .text.SM1_Init
                0x000023d4      0x154 ./Generated_Code/SM1.o
                0x000023d4                SM1_Init
 .text.SM1_SendBlock
                0x00002528       0xa8 ./Generated_Code/SM1.o
                0x00002528                SM1_SendBlock
 .text.SM1_Interrupt
                0x000025d0      0x124 ./Generated_Code/SM1.o
                0x000025d0                SM1_Interrupt
 .text.HWEnDi   0x000026f4       0x94 ./Generated_Code/SM1.o
 .text.SM1_SetClockConfiguration
                0x00002788       0x40 ./Generated_Code/SM1.o
                0x00002788                SM1_SetClockConfiguration
 .text.WAIT1_Wait10Cycles
                0x000027c8        0x8 ./Generated_Code/WAIT1.o
                0x000027c8                WAIT1_Wait10Cycles
 .text.WAIT1_Wait100Cycles
                0x000027d0       0x28 ./Generated_Code/WAIT1.o
                0x000027d0                WAIT1_Wait100Cycles
 .text.WAIT1_WaitCycles
                0x000027f8       0x34 ./Generated_Code/WAIT1.o
                0x000027f8                WAIT1_WaitCycles
 .text.WAIT1_WaitLongCycles
                0x0000282c       0x38 ./Generated_Code/WAIT1.o
                0x0000282c                WAIT1_WaitLongCycles
 .text.WAIT1_Waitms
                0x00002864       0x2c ./Generated_Code/WAIT1.o
                0x00002864                WAIT1_Waitms
 .text.WAIT1_Init
                0x00002890        0xc ./Generated_Code/WAIT1.o
                0x00002890                WAIT1_Init
 .text.exit     0x0000289c       0x28 c:/freescale/kds_v3/toolchain/bin/../lib/gcc/arm-none-eabi/4.8.4/../../../../arm-none-eabi/lib/armv7e-m/fpu\libg_s.a(lib_a-exit.o)
                0x0000289c                exit
 .text.__libc_init_array
                0x000028c4       0x4c c:/freescale/kds_v3/toolchain/bin/../lib/gcc/arm-none-eabi/4.8.4/../../../../arm-none-eabi/lib/armv7e-m/fpu\libg_s.a(lib_a-init.o)
                0x000028c4                __libc_init_array
 .text.memset   0x00002910       0x10 c:/freescale/kds_v3/toolchain/bin/../lib/gcc/arm-none-eabi/4.8.4/../../../../arm-none-eabi/lib/armv7e-m/fpu\libg_s.a(lib_a-memset.o)
                0x00002910                memset
 .text.printf   0x00002920       0x30 c:/freescale/kds_v3/toolchain/bin/../lib/gcc/arm-none-eabi/4.8.4/../../../../arm-none-eabi/lib/armv7e-m/fpu\libg_s.a(lib_a-printf.o)
                0x00002920                iprintf
                0x00002920                printf
 .text.sprintf  0x00002950       0x48 c:/freescale/kds_v3/toolchain/bin/../lib/gcc/arm-none-eabi/4.8.4/../../../../arm-none-eabi/lib/armv7e-m/fpu\libg_s.a(lib_a-sprintf.o)
                0x00002950                siprintf
                0x00002950                sprintf
 .text.strcpy   0x00002998       0x10 c:/freescale/kds_v3/toolchain/bin/../lib/gcc/arm-none-eabi/4.8.4/../../../../arm-none-eabi/lib/armv7e-m/fpu\libg_s.a(lib_a-strcpy.o)
                0x00002998                strcpy
 .text.__ssputs_r
                0x000029a8       0xb8 c:/freescale/kds_v3/toolchain/bin/../lib/gcc/arm-none-eabi/4.8.4/../../../../arm-none-eabi/lib/armv7e-m/fpu\libg_s.a(lib_a-svfprintf.o)
                0x000029a8                __ssputs_r
 .text._svfprintf_r
                0x00002a60      0x1dc c:/freescale/kds_v3/toolchain/bin/../lib/gcc/arm-none-eabi/4.8.4/../../../../arm-none-eabi/lib/armv7e-m/fpu\libg_s.a(lib_a-svfprintf.o)
                0x00002a60                _svfiprintf_r
                0x00002a60                _svfprintf_r
 .text.__sfputc_r
                0x00002c3c       0x2c c:/freescale/kds_v3/toolchain/bin/../lib/gcc/arm-none-eabi/4.8.4/../../../../arm-none-eabi/lib/armv7e-m/fpu\libg_s.a(lib_a-vfprintf.o)
 .text.__sfputs_r
                0x00002c68       0x24 c:/freescale/kds_v3/toolchain/bin/../lib/gcc/arm-none-eabi/4.8.4/../../../../arm-none-eabi/lib/armv7e-m/fpu\libg_s.a(lib_a-vfprintf.o)
                0x00002c68                __sfputs_r
 .text._vfprintf_r
                0x00002c8c      0x208 c:/freescale/kds_v3/toolchain/bin/../lib/gcc/arm-none-eabi/4.8.4/../../../../arm-none-eabi/lib/armv7e-m/fpu\libg_s.a(lib_a-vfprintf.o)
                0x00002c8c                _vfprintf_r
                0x00002c8c                _vfiprintf_r
 .text._printf_common
                0x00002e94       0xe4 c:/freescale/kds_v3/toolchain/bin/../lib/gcc/arm-none-eabi/4.8.4/../../../../arm-none-eabi/lib/armv7e-m/fpu\libg_s.a(lib_a-vfprintf_i.o)
                0x00002e94                _printf_common
 .text._printf_i
                0x00002f78      0x228 c:/freescale/kds_v3/toolchain/bin/../lib/gcc/arm-none-eabi/4.8.4/../../../../arm-none-eabi/lib/armv7e-m/fpu\libg_s.a(lib_a-vfprintf_i.o)
                0x00002f78                _printf_i
 .text.__swbuf_r
                0x000031a0       0xa8 c:/freescale/kds_v3/toolchain/bin/../lib/gcc/arm-none-eabi/4.8.4/../../../../arm-none-eabi/lib/armv7e-m/fpu\libg_s.a(lib_a-wbuf.o)
                0x000031a0                __swbuf_r
 .text.__swsetup_r
                0x00003248       0xdc c:/freescale/kds_v3/toolchain/bin/../lib/gcc/arm-none-eabi/4.8.4/../../../../arm-none-eabi/lib/armv7e-m/fpu\libg_s.a(lib_a-wsetup.o)
                0x00003248                __swsetup_r
 .text.__sflush_r
                0x00003324      0x106 c:/freescale/kds_v3/toolchain/bin/../lib/gcc/arm-none-eabi/4.8.4/../../../../arm-none-eabi/lib/armv7e-m/fpu\libg_s.a(lib_a-fflush.o)
                0x00003324                __sflush_r
 *fill*         0x0000342a        0x2 
 .text._fflush_r
                0x0000342c       0x54 c:/freescale/kds_v3/toolchain/bin/../lib/gcc/arm-none-eabi/4.8.4/../../../../arm-none-eabi/lib/armv7e-m/fpu\libg_s.a(lib_a-fflush.o)
                0x0000342c                _fflush_r
 .text._cleanup_r
                0x00003480       0x32 c:/freescale/kds_v3/toolchain/bin/../lib/gcc/arm-none-eabi/4.8.4/../../../../arm-none-eabi/lib/armv7e-m/fpu\libg_s.a(lib_a-findfp.o)
                0x00003480                _cleanup_r
 *fill*         0x000034b2        0x2 
 .text.std.isra.0
                0x000034b4       0x48 c:/freescale/kds_v3/toolchain/bin/../lib/gcc/arm-none-eabi/4.8.4/../../../../arm-none-eabi/lib/armv7e-m/fpu\libg_s.a(lib_a-findfp.o)
 .text.__sfmoreglue
                0x000034fc       0x2c c:/freescale/kds_v3/toolchain/bin/../lib/gcc/arm-none-eabi/4.8.4/../../../../arm-none-eabi/lib/armv7e-m/fpu\libg_s.a(lib_a-findfp.o)
                0x000034fc                __sfmoreglue
 .text.__sinit  0x00003528       0x60 c:/freescale/kds_v3/toolchain/bin/../lib/gcc/arm-none-eabi/4.8.4/../../../../arm-none-eabi/lib/armv7e-m/fpu\libg_s.a(lib_a-findfp.o)
                0x00003528                __sinit
 .text.__sfp    0x00003588       0x74 c:/freescale/kds_v3/toolchain/bin/../lib/gcc/arm-none-eabi/4.8.4/../../../../arm-none-eabi/lib/armv7e-m/fpu\libg_s.a(lib_a-findfp.o)
                0x00003588                __sfp
 .text.__smakebuf_r
                0x000035fc       0x9c c:/freescale/kds_v3/toolchain/bin/../lib/gcc/arm-none-eabi/4.8.4/../../../../arm-none-eabi/lib/armv7e-m/fpu\libg_s.a(lib_a-makebuf.o)
                0x000035fc                __smakebuf_r
 .text.memchr   0x00003698       0x1e c:/freescale/kds_v3/toolchain/bin/../lib/gcc/arm-none-eabi/4.8.4/../../../../arm-none-eabi/lib/armv7e-m/fpu\libg_s.a(lib_a-memchr-stub.o)
                0x00003698                memchr
 .text.memcpy   0x000036b6       0x12 c:/freescale/kds_v3/toolchain/bin/../lib/gcc/arm-none-eabi/4.8.4/../../../../arm-none-eabi/lib/armv7e-m/fpu\libg_s.a(lib_a-memcpy-stub.o)
                0x000036b6                memcpy
 .text.memmove  0x000036c8       0x36 c:/freescale/kds_v3/toolchain/bin/../lib/gcc/arm-none-eabi/4.8.4/../../../../arm-none-eabi/lib/armv7e-m/fpu\libg_s.a(lib_a-memmove.o)
                0x000036c8                memmove
 *fill*         0x000036fe        0x2 
 .text._free_r  0x00003700       0x88 c:/freescale/kds_v3/toolchain/bin/../lib/gcc/arm-none-eabi/4.8.4/../../../../arm-none-eabi/lib/armv7e-m/fpu\libg_s.a(lib_a-nano-freer.o)
                0x00003700                _free_r
 .text._malloc_r
                0x00003788       0xa8 c:/freescale/kds_v3/toolchain/bin/../lib/gcc/arm-none-eabi/4.8.4/../../../../arm-none-eabi/lib/armv7e-m/fpu\libg_s.a(lib_a-nano-mallocr.o)
                0x00003788                _malloc_r
 .text._realloc_r
                0x00003830       0x4c c:/freescale/kds_v3/toolchain/bin/../lib/gcc/arm-none-eabi/4.8.4/../../../../arm-none-eabi/lib/armv7e-m/fpu\libg_s.a(lib_a-nano-reallocr.o)
                0x00003830                _realloc_r
 .text._sbrk_r  0x0000387c       0x20 c:/freescale/kds_v3/toolchain/bin/../lib/gcc/arm-none-eabi/4.8.4/../../../../arm-none-eabi/lib/armv7e-m/fpu\libg_s.a(lib_a-sbrkr.o)
                0x0000387c                _sbrk_r
 .text.__sread  0x0000389c       0x22 c:/freescale/kds_v3/toolchain/bin/../lib/gcc/arm-none-eabi/4.8.4/../../../../arm-none-eabi/lib/armv7e-m/fpu\libg_s.a(lib_a-stdio.o)
                0x0000389c                __sread
 .text.__swrite
                0x000038be       0x38 c:/freescale/kds_v3/toolchain/bin/../lib/gcc/arm-none-eabi/4.8.4/../../../../arm-none-eabi/lib/armv7e-m/fpu\libg_s.a(lib_a-stdio.o)
                0x000038be                __swrite
 .text.__sseek  0x000038f6       0x24 c:/freescale/kds_v3/toolchain/bin/../lib/gcc/arm-none-eabi/4.8.4/../../../../arm-none-eabi/lib/armv7e-m/fpu\libg_s.a(lib_a-stdio.o)
                0x000038f6                __sseek
 .text.__sclose
                0x0000391a        0x8 c:/freescale/kds_v3/toolchain/bin/../lib/gcc/arm-none-eabi/4.8.4/../../../../arm-none-eabi/lib/armv7e-m/fpu\libg_s.a(lib_a-stdio.o)
                0x0000391a                __sclose
 .text.strlen   0x00003922       0x10 c:/freescale/kds_v3/toolchain/bin/../lib/gcc/arm-none-eabi/4.8.4/../../../../arm-none-eabi/lib/armv7e-m/fpu\libg_s.a(lib_a-strlen.o)
                0x00003922                strlen
 *fill*         0x00003932        0x2 
 .text._write_r
                0x00003934       0x24 c:/freescale/kds_v3/toolchain/bin/../lib/gcc/arm-none-eabi/4.8.4/../../../../arm-none-eabi/lib/armv7e-m/fpu\libg_s.a(lib_a-writer.o)
                0x00003934                _write_r
 .text._close_r
                0x00003958       0x20 c:/freescale/kds_v3/toolchain/bin/../lib/gcc/arm-none-eabi/4.8.4/../../../../arm-none-eabi/lib/armv7e-m/fpu\libg_s.a(lib_a-closer.o)
                0x00003958                _close_r
 .text._fstat_r
                0x00003978       0x24 c:/freescale/kds_v3/toolchain/bin/../lib/gcc/arm-none-eabi/4.8.4/../../../../arm-none-eabi/lib/armv7e-m/fpu\libg_s.a(lib_a-fstatr.o)
                0x00003978                _fstat_r
 .text._isatty_r
                0x0000399c       0x20 c:/freescale/kds_v3/toolchain/bin/../lib/gcc/arm-none-eabi/4.8.4/../../../../arm-none-eabi/lib/armv7e-m/fpu\libg_s.a(lib_a-isattyr.o)
                0x0000399c                _isatty_r
 .text._lseek_r
                0x000039bc       0x24 c:/freescale/kds_v3/toolchain/bin/../lib/gcc/arm-none-eabi/4.8.4/../../../../arm-none-eabi/lib/armv7e-m/fpu\libg_s.a(lib_a-lseekr.o)
                0x000039bc                _lseek_r
 .text._malloc_usable_size_r
                0x000039e0       0x12 c:/freescale/kds_v3/toolchain/bin/../lib/gcc/arm-none-eabi/4.8.4/../../../../arm-none-eabi/lib/armv7e-m/fpu\libg_s.a(lib_a-nano-msizer.o)
                0x000039e0                _malloc_usable_size_r
 *fill*         0x000039f2        0x2 
 .text._read_r  0x000039f4       0x24 c:/freescale/kds_v3/toolchain/bin/../lib/gcc/arm-none-eabi/4.8.4/../../../../arm-none-eabi/lib/armv7e-m/fpu\libg_s.a(lib_a-readr.o)
                0x000039f4                _read_r
 .text._close   0x00003a18       0x10 c:/freescale/kds_v3/toolchain/bin/../lib/gcc/arm-none-eabi/4.8.4/../../../../arm-none-eabi/lib/armv7e-m/fpu\libnosys.a(close.o)
                0x00003a18                _close
 .text._fstat   0x00003a28       0x10 c:/freescale/kds_v3/toolchain/bin/../lib/gcc/arm-none-eabi/4.8.4/../../../../arm-none-eabi/lib/armv7e-m/fpu\libnosys.a(fstat.o)
                0x00003a28                _fstat
 .text._isatty  0x00003a38       0x10 c:/freescale/kds_v3/toolchain/bin/../lib/gcc/arm-none-eabi/4.8.4/../../../../arm-none-eabi/lib/armv7e-m/fpu\libnosys.a(isatty.o)
                0x00003a38                _isatty
 .text._lseek   0x00003a48       0x10 c:/freescale/kds_v3/toolchain/bin/../lib/gcc/arm-none-eabi/4.8.4/../../../../arm-none-eabi/lib/armv7e-m/fpu\libnosys.a(lseek.o)
                0x00003a48                _lseek
 .text._sbrk    0x00003a58       0x34 c:/freescale/kds_v3/toolchain/bin/../lib/gcc/arm-none-eabi/4.8.4/../../../../arm-none-eabi/lib/armv7e-m/fpu\libnosys.a(sbrk.o)
                0x00003a58                _sbrk
 .text._exit    0x00003a8c        0x4 c:/freescale/kds_v3/toolchain/bin/../lib/gcc/arm-none-eabi/4.8.4/../../../../arm-none-eabi/lib/armv7e-m/fpu\libnosys.a(_exit.o)
                0x00003a8c                _exit
 *(.rodata)
 .rodata        0x00003a90       0x30 ./Sources/main.o
 .rodata        0x00003ac0        0x8 ./Generated_Code/IntFlashLdd1.o
 *(.rodata*)
 .rodata.ClockGenModeMatrix
                0x00003ac8       0x80 ./Static_Code/System/CPU_Init.o
 .rodata.CPU_ClockConfigDescriptors
                0x00003b48       0x54 ./Static_Code/System/CPU_Init.o
 .rodata.CPU_DefaultFEI
                0x00003b9c        0x8 ./Static_Code/System/CPU_Init.o
 .rodata.CPU_DefaultFBI
                0x00003ba4        0x8 ./Static_Code/System/CPU_Init.o
 .rodata.CPU_DefaultBLPI
                0x00003bac        0x8 ./Static_Code/System/CPU_Init.o
 .rodata.CPU_DefaultFEE
                0x00003bb4        0x8 ./Static_Code/System/CPU_Init.o
 .rodata.CPU_DefaultFBE
                0x00003bbc        0x8 ./Static_Code/System/CPU_Init.o
 .rodata.CPU_DefaultBLPE
                0x00003bc4        0x8 ./Static_Code/System/CPU_Init.o
 .rodata.CPU_DefaultPBE
                0x00003bcc        0x8 ./Static_Code/System/CPU_Init.o
 .rodata.CPU_DefaultPEE
                0x00003bd4        0x8 ./Static_Code/System/CPU_Init.o
 .rodata.CPU_ClockGenModeRegs
                0x00003bdc       0x20 ./Static_Code/System/CPU_Init.o
 .rodata.SafeRoutine
                0x00003bfc       0x30 ./Generated_Code/IntFlashLdd1.o
 .rodata.str1.1
                0x00003c2c        0x2 c:/freescale/kds_v3/toolchain/bin/../lib/gcc/arm-none-eabi/4.8.4/../../../../arm-none-eabi/lib/armv7e-m/fpu\libg_s.a(lib_a-impure.o)
 *fill*         0x00003c2e        0x2 
 .rodata._global_impure_ptr
                0x00003c30        0x4 c:/freescale/kds_v3/toolchain/bin/../lib/gcc/arm-none-eabi/4.8.4/../../../../arm-none-eabi/lib/armv7e-m/fpu\libg_s.a(lib_a-impure.o)
                0x00003c30                _global_impure_ptr
 .rodata.str1.1
                0x00003c34       0x11 c:/freescale/kds_v3/toolchain/bin/../lib/gcc/arm-none-eabi/4.8.4/../../../../arm-none-eabi/lib/armv7e-m/fpu\libg_s.a(lib_a-svfprintf.o)
 .rodata.str1.1
                0x00000000       0x11 c:/freescale/kds_v3/toolchain/bin/../lib/gcc/arm-none-eabi/4.8.4/../../../../arm-none-eabi/lib/armv7e-m/fpu\libg_s.a(lib_a-vfprintf.o)
 .rodata.str1.1
                0x00003c45       0x22 c:/freescale/kds_v3/toolchain/bin/../lib/gcc/arm-none-eabi/4.8.4/../../../../arm-none-eabi/lib/armv7e-m/fpu\libg_s.a(lib_a-vfprintf_i.o)
 *fill*         0x00003c67        0x1 
 .rodata.__sf_fake_stdin
                0x00003c68       0x20 c:/freescale/kds_v3/toolchain/bin/../lib/gcc/arm-none-eabi/4.8.4/../../../../arm-none-eabi/lib/armv7e-m/fpu\libg_s.a(lib_a-findfp.o)
                0x00003c68                __sf_fake_stdin
 .rodata.__sf_fake_stdout
                0x00003c88       0x20 c:/freescale/kds_v3/toolchain/bin/../lib/gcc/arm-none-eabi/4.8.4/../../../../arm-none-eabi/lib/armv7e-m/fpu\libg_s.a(lib_a-findfp.o)
                0x00003c88                __sf_fake_stdout
 .rodata.__sf_fake_stderr
                0x00003ca8       0x20 c:/freescale/kds_v3/toolchain/bin/../lib/gcc/arm-none-eabi/4.8.4/../../../../arm-none-eabi/lib/armv7e-m/fpu\libg_s.a(lib_a-findfp.o)
                0x00003ca8                __sf_fake_stderr
 *(.glue_7)
 .glue_7        0x00000000        0x0 linker stubs
 *(.glue_7t)
 .glue_7t       0x00000000        0x0 linker stubs
 *(.eh_frame)
 .eh_frame      0x00003cc8        0x0 c:/freescale/kds_v3/toolchain/bin/../lib/gcc/arm-none-eabi/4.8.4/armv7e-m/fpu/crtbegin.o
 *(.init)
 .init          0x00003cc8        0x4 c:/freescale/kds_v3/toolchain/bin/../lib/gcc/arm-none-eabi/4.8.4/armv7e-m/fpu/crti.o
                0x00003cc8                _init
 .init          0x00003ccc        0x8 c:/freescale/kds_v3/toolchain/bin/../lib/gcc/arm-none-eabi/4.8.4/armv7e-m/fpu/crtn.o
 *(.fini)
 .fini          0x00003cd4        0x4 c:/freescale/kds_v3/toolchain/bin/../lib/gcc/arm-none-eabi/4.8.4/armv7e-m/fpu/crti.o
                0x00003cd4                _fini
 .fini          0x00003cd8        0x8 c:/freescale/kds_v3/toolchain/bin/../lib/gcc/arm-none-eabi/4.8.4/armv7e-m/fpu/crtn.o
                0x00003ce0                . = ALIGN (0x4)
                0x00003ce0                _etext = .

.vfp11_veneer   0x00003ce0        0x0
 .vfp11_veneer  0x00000000        0x0 linker stubs

.v4_bx          0x00003ce0        0x0
 .v4_bx         0x00000000        0x0 linker stubs

.iplt           0x00003ce0        0x0
 .iplt          0x00000000        0x0 c:/freescale/kds_v3/toolchain/bin/../lib/gcc/arm-none-eabi/4.8.4/armv7e-m/fpu/crtbegin.o

.ARM.extab
 *(.ARM.extab* .gnu.linkonce.armextab.*)

.ARM            0x00003ce0        0x8
                0x00003ce0                __exidx_start = .
 *(.ARM.exidx*)
 .ARM.exidx     0x00003ce0        0x8 c:/freescale/kds_v3/toolchain/bin/../lib/gcc/arm-none-eabi/4.8.4/../../../../arm-none-eabi/lib/armv7e-m/fpu/crt0.o
                0x00003ce8                __exidx_end = .

.rel.dyn        0x00003ce8        0x0
 .rel.iplt      0x00000000        0x0 c:/freescale/kds_v3/toolchain/bin/../lib/gcc/arm-none-eabi/4.8.4/armv7e-m/fpu/crtbegin.o

.ctors          0x00003ce8        0x0
                0x00003ce8                __CTOR_LIST__ = .
 *crtbegin.o(.ctors)
 *(EXCLUDE_FILE(*crtend.o) .ctors)
 *(SORT(.ctors.*))
 *(.ctors)
                0x00003ce8                __CTOR_END__ = .

.dtors          0x00003ce8        0x0
                0x00003ce8                __DTOR_LIST__ = .
 *crtbegin.o(.dtors)
 *(EXCLUDE_FILE(*crtend.o) .dtors)
 *(SORT(.dtors.*))
 *(.dtors)
                0x00003ce8                __DTOR_END__ = .

.preinit_array  0x00003ce8        0x0
                0x00003ce8                PROVIDE (__preinit_array_start, .)
 *(.preinit_array*)
                0x00003ce8                PROVIDE (__preinit_array_end, .)

.init_array     0x00003ce8        0x4
                0x00003ce8                PROVIDE (__init_array_start, .)
 *(SORT(.init_array.*))
 *(.init_array*)
 .init_array    0x00003ce8        0x4 c:/freescale/kds_v3/toolchain/bin/../lib/gcc/arm-none-eabi/4.8.4/armv7e-m/fpu/crtbegin.o
                0x00003cec                PROVIDE (__init_array_end, .)

.fini_array     0x00003cec        0x4
                0x00003cec                PROVIDE (__fini_array_start, .)
 *(SORT(.fini_array.*))
 *(.fini_array*)
 .fini_array    0x00003cec        0x4 c:/freescale/kds_v3/toolchain/bin/../lib/gcc/arm-none-eabi/4.8.4/armv7e-m/fpu/crtbegin.o
                0x00003cf0                PROVIDE (__fini_array_end, .)
                0x00003cf0                ___ROM_AT = .

.data           0x20000000       0x74 load address 0x00003cf0
                0x20000000                . = ALIGN (0x4)
                0x20000000                _sdata = .
 *(.data)
 *(.data*)
 .data.keypad   0x20000000       0x10 ./Sources/main.o
                0x20000000                keypad
 .data.impure_data
                0x20000010       0x60 c:/freescale/kds_v3/toolchain/bin/../lib/gcc/arm-none-eabi/4.8.4/../../../../arm-none-eabi/lib/armv7e-m/fpu\libg_s.a(lib_a-impure.o)
 .data._impure_ptr
                0x20000070        0x4 c:/freescale/kds_v3/toolchain/bin/../lib/gcc/arm-none-eabi/4.8.4/../../../../arm-none-eabi/lib/armv7e-m/fpu\libg_s.a(lib_a-impure.o)
                0x20000070                _impure_ptr
                0x20000074                . = ALIGN (0x4)
                0x20000074                _edata = .
                0x00000074                ___data_size = (_edata - _sdata)
                0x00003d64                ___m_data_1FFF0000_ROMStart = (___ROM_AT + SIZEOF (.data))

.jcr            0x20000074        0x0 load address 0x00003d64
 .jcr           0x20000074        0x0 c:/freescale/kds_v3/toolchain/bin/../lib/gcc/arm-none-eabi/4.8.4/armv7e-m/fpu/crtbegin.o

.igot.plt       0x20000074        0x0 load address 0x00003d64
 .igot.plt      0x00000000        0x0 c:/freescale/kds_v3/toolchain/bin/../lib/gcc/arm-none-eabi/4.8.4/armv7e-m/fpu/crtbegin.o

.m_data_1FFF0000
                0x1fff0000        0x0 load address 0x00003d64
                0x1fff0000                . = ALIGN (0x4)
                0x1fff0000                ___m_data_1FFF0000_RAMStart = .
 *(.m_data_1FFF0000)
                0x1fff0000                ___m_data_1FFF0000_RAMEnd = .
                0x1fff0000                . = ALIGN (0x4)
                0x00000000                ___m_data_1FFF0000_ROMSize = (___m_data_1FFF0000_RAMEnd - ___m_data_1FFF0000_RAMStart)
                0x1fff0000                . = ALIGN (0x4)

.bss            0x20000074      0x2bc load address 0x00003d64
                0x20000074                __START_BSS = .
                0x20000074                PROVIDE (__bss_start__, __START_BSS)
 *(.bss)
 .bss           0x20000074       0x1c c:/freescale/kds_v3/toolchain/bin/../lib/gcc/arm-none-eabi/4.8.4/armv7e-m/fpu/crtbegin.o
 *(.bss*)
 .bss.SR_lock   0x20000090        0x1 ./Static_Code/System/CPU_Init.o
                0x20000090                SR_lock
 .bss.ClockConfigurationID
                0x20000091        0x1 ./Static_Code/System/CPU_Init.o
                0x20000091                ClockConfigurationID
 *fill*         0x20000092        0x2 
 .bss.IFsh1_CurrentCommand
                0x20000094        0x4 ./Generated_Code/IFsh1.o
 .bss.IFsh1_CmdResult
                0x20000098        0x1 ./Generated_Code/IFsh1.o
 .bss.IFsh1_CmdPending
                0x20000099        0x1 ./Generated_Code/IFsh1.o
 .bss.IFsh1_EnMode
                0x2000009a        0x1 ./Generated_Code/IFsh1.o
 .bss.IFsh1_EnEvent
                0x2000009b        0x1 ./Generated_Code/IFsh1.o
 .bss.IntFlashLdd1_DevDataPtr
                0x2000009c        0x4 ./Generated_Code/IFsh1.o
 .bss.IFsh1_DataAddress
                0x200000a0        0x4 ./Generated_Code/IFsh1.o
 .bss.IFsh1_FlashAddress
                0x200000a4        0x4 ./Generated_Code/IFsh1.o
 .bss.IFsh1_DataSize
                0x200000a8        0x4 ./Generated_Code/IFsh1.o
 .bss.DeviceDataPrv__DEFAULT_RTOS_ALLOC
                0x200000ac       0x18 ./Generated_Code/IO1.o
 .bss.DeviceDataPrv__DEFAULT_RTOS_ALLOC
                0x200000c4       0x1c ./Generated_Code/IntFlashLdd1.o
 .bss.INT_FTFE__DEFAULT_RTOS_ISRPARAM
                0x200000e0        0x4 ./Generated_Code/IntFlashLdd1.o
 .bss.INT_Read_Collision__DEFAULT_RTOS_ISRPARAM
                0x200000e4        0x4 ./Generated_Code/IntFlashLdd1.o
 .bss.PE_LDD_DeviceDataList
                0x200000e8        0xc ./Generated_Code/PE_LDD.o
                0x200000e8                PE_LDD_DeviceDataList
 .bss.DeviceDataPrv__DEFAULT_RTOS_ALLOC
                0x200000f4       0x24 ./Generated_Code/SM1.o
 .bss.INT_SPI0__DEFAULT_RTOS_ISRPARAM
                0x20000118        0x4 ./Generated_Code/SM1.o
 .bss.__malloc_sbrk_start
                0x2000011c        0x4 c:/freescale/kds_v3/toolchain/bin/../lib/gcc/arm-none-eabi/4.8.4/../../../../arm-none-eabi/lib/armv7e-m/fpu\libg_s.a(lib_a-nano-mallocr.o)
                0x2000011c                __malloc_sbrk_start
 .bss.__malloc_free_list
                0x20000120        0x4 c:/freescale/kds_v3/toolchain/bin/../lib/gcc/arm-none-eabi/4.8.4/../../../../arm-none-eabi/lib/armv7e-m/fpu\libg_s.a(lib_a-nano-mallocr.o)
                0x20000120                __malloc_free_list
 .bss.heap_end.4246
                0x20000124        0x4 c:/freescale/kds_v3/toolchain/bin/../lib/gcc/arm-none-eabi/4.8.4/../../../../arm-none-eabi/lib/armv7e-m/fpu\libnosys.a(sbrk.o)
 *(COMMON)
 COMMON         0x20000128        0x1 ./Static_Code/System/CPU_Init.o
                0x20000128                SR_reg
 *fill*         0x20000129        0x3 
 COMMON         0x2000012c      0x200 ./Sources/main.o
                0x2000012c                write
 COMMON         0x2000032c        0x4 c:/freescale/kds_v3/toolchain/bin/../lib/gcc/arm-none-eabi/4.8.4/../../../../arm-none-eabi/lib/armv7e-m/fpu\libg_s.a(lib_a-reent.o)
                0x2000032c                errno
                0x20000330                . = ALIGN (0x4)
                0x20000330                __END_BSS = .
                0x20000330                PROVIDE (__bss_end__, __END_BSS)
                0x00003d64                _romp_at = ((___ROM_AT + SIZEOF (.data)) + SIZEOF (.m_data_1FFF0000))

.romp           0x20000330       0x24 load address 0x00003d64
                0x00003d64                __S_romp = _romp_at
                0x20000330        0x4 LONG 0x3cf0 ___ROM_AT
                0x20000334        0x4 LONG 0x20000000 _sdata
                0x20000338        0x4 LONG 0x74 ___data_size
                0x2000033c        0x4 LONG 0x3d64 ___m_data_1FFF0000_ROMStart
                0x20000340        0x4 LONG 0x1fff0000 ___m_data_1FFF0000_RAMStart
                0x20000344        0x4 LONG 0x0 ___m_data_1FFF0000_ROMSize
                0x20000348        0x4 LONG 0x0
                0x2000034c        0x4 LONG 0x0
                0x20000350        0x4 LONG 0x0
                0x000ffc00                text_end = (ORIGIN (m_text) + 0xff7f0)
                0x00003d88                data_init_end = ((___m_data_1FFF0000_ROMStart + SIZEOF (.m_data_1FFF0000)) + SIZEOF (.romp))
                0x00000001                ASSERT ((data_init_end <= text_end), region m_text overflowed with text and data)

._user_heap_stack
                0x20000354      0x400 load address 0x00003d88
                0x20000354                . = ALIGN (0x4)
                0x20000354                PROVIDE (end, .)
                0x20000354                PROVIDE (_end, .)
                0x20000354                PROVIDE (__end__, .)
                0x20000354                __heap_addr = .
                0x20000354                __HeapBase = .
                0x20000354                . = (. + __heap_size)
                0x20000354                __HeapLimit = .
                0x20000754                . = (. + __stack_size)
 *fill*         0x20000354      0x400 
                0x20000754                . = ALIGN (0x4)

.ARM.attributes
                0x00000000       0x30
 *(.ARM.attributes)
 .ARM.attributes
                0x00000000       0x22 c:/freescale/kds_v3/toolchain/bin/../lib/gcc/arm-none-eabi/4.8.4/armv7e-m/fpu/crti.o
 .ARM.attributes
                0x00000022       0x34 c:/freescale/kds_v3/toolchain/bin/../lib/gcc/arm-none-eabi/4.8.4/armv7e-m/fpu/crtbegin.o
 .ARM.attributes
                0x00000056       0x20 c:/freescale/kds_v3/toolchain/bin/../lib/gcc/arm-none-eabi/4.8.4/../../../../arm-none-eabi/lib/armv7e-m/fpu/crt0.o
 .ARM.attributes
                0x00000076       0x39 ./Static_Code/System/CPU_Init.o
 .ARM.attributes
                0x000000af       0x39 ./Static_Code/System/Vectors.o
 .ARM.attributes
                0x000000e8       0x39 ./Sources/Events.o
 .ARM.attributes
                0x00000121       0x39 ./Sources/main.o
 .ARM.attributes
                0x0000015a       0x39 ./Project_Settings/Startup_Code/startup.o
 .ARM.attributes
                0x00000193       0x39 ./Generated_Code/Cpu.o
 .ARM.attributes
                0x000001cc       0x39 ./Generated_Code/CsIO1.o
 .ARM.attributes
                0x00000205       0x39 ./Generated_Code/IFsh1.o
 .ARM.attributes
                0x0000023e       0x39 ./Generated_Code/IO1.o
 .ARM.attributes
                0x00000277       0x39 ./Generated_Code/IntFlashLdd1.o
 .ARM.attributes
                0x000002b0       0x39 ./Generated_Code/MCUC1.o
 .ARM.attributes
                0x000002e9       0x39 ./Generated_Code/PE_LDD.o
 .ARM.attributes
                0x00000322       0x39 ./Generated_Code/SM1.o
 .ARM.attributes
                0x0000035b       0x39 ./Generated_Code/WAIT1.o
 .ARM.attributes
                0x00000394       0x34 c:/freescale/kds_v3/toolchain/bin/../lib/gcc/arm-none-eabi/4.8.4/../../../../arm-none-eabi/lib/armv7e-m/fpu\libg_s.a(lib_a-exit.o)
 .ARM.attributes
                0x000003c8       0x34 c:/freescale/kds_v3/toolchain/bin/../lib/gcc/arm-none-eabi/4.8.4/../../../../arm-none-eabi/lib/armv7e-m/fpu\libg_s.a(lib_a-impure.o)
 .ARM.attributes
                0x000003fc       0x34 c:/freescale/kds_v3/toolchain/bin/../lib/gcc/arm-none-eabi/4.8.4/../../../../arm-none-eabi/lib/armv7e-m/fpu\libg_s.a(lib_a-init.o)
 .ARM.attributes
                0x00000430       0x34 c:/freescale/kds_v3/toolchain/bin/../lib/gcc/arm-none-eabi/4.8.4/../../../../arm-none-eabi/lib/armv7e-m/fpu\libg_s.a(lib_a-memset.o)
 .ARM.attributes
                0x00000464       0x34 c:/freescale/kds_v3/toolchain/bin/../lib/gcc/arm-none-eabi/4.8.4/../../../../arm-none-eabi/lib/armv7e-m/fpu\libg_s.a(lib_a-printf.o)
 .ARM.attributes
                0x00000498       0x34 c:/freescale/kds_v3/toolchain/bin/../lib/gcc/arm-none-eabi/4.8.4/../../../../arm-none-eabi/lib/armv7e-m/fpu\libg_s.a(lib_a-sprintf.o)
 .ARM.attributes
                0x000004cc       0x20 c:/freescale/kds_v3/toolchain/bin/../lib/gcc/arm-none-eabi/4.8.4/../../../../arm-none-eabi/lib/armv7e-m/fpu\libg_s.a(lib_a-strcmp.o)
 .ARM.attributes
                0x000004ec       0x34 c:/freescale/kds_v3/toolchain/bin/../lib/gcc/arm-none-eabi/4.8.4/../../../../arm-none-eabi/lib/armv7e-m/fpu\libg_s.a(lib_a-strcpy.o)
 .ARM.attributes
                0x00000520       0x34 c:/freescale/kds_v3/toolchain/bin/../lib/gcc/arm-none-eabi/4.8.4/../../../../arm-none-eabi/lib/armv7e-m/fpu\libg_s.a(lib_a-svfprintf.o)
 .ARM.attributes
                0x00000554       0x34 c:/freescale/kds_v3/toolchain/bin/../lib/gcc/arm-none-eabi/4.8.4/../../../../arm-none-eabi/lib/armv7e-m/fpu\libg_s.a(lib_a-vfprintf.o)
 .ARM.attributes
                0x00000588       0x34 c:/freescale/kds_v3/toolchain/bin/../lib/gcc/arm-none-eabi/4.8.4/../../../../arm-none-eabi/lib/armv7e-m/fpu\libg_s.a(lib_a-vfprintf_i.o)
 .ARM.attributes
                0x000005bc       0x34 c:/freescale/kds_v3/toolchain/bin/../lib/gcc/arm-none-eabi/4.8.4/../../../../arm-none-eabi/lib/armv7e-m/fpu\libg_s.a(lib_a-wbuf.o)
 .ARM.attributes
                0x000005f0       0x34 c:/freescale/kds_v3/toolchain/bin/../lib/gcc/arm-none-eabi/4.8.4/../../../../arm-none-eabi/lib/armv7e-m/fpu\libg_s.a(lib_a-wsetup.o)
 .ARM.attributes
                0x00000624       0x34 c:/freescale/kds_v3/toolchain/bin/../lib/gcc/arm-none-eabi/4.8.4/../../../../arm-none-eabi/lib/armv7e-m/fpu\libg_s.a(lib_a-fflush.o)
 .ARM.attributes
                0x00000658       0x34 c:/freescale/kds_v3/toolchain/bin/../lib/gcc/arm-none-eabi/4.8.4/../../../../arm-none-eabi/lib/armv7e-m/fpu\libg_s.a(lib_a-findfp.o)
 .ARM.attributes
                0x0000068c       0x34 c:/freescale/kds_v3/toolchain/bin/../lib/gcc/arm-none-eabi/4.8.4/../../../../arm-none-eabi/lib/armv7e-m/fpu\libg_s.a(lib_a-makebuf.o)
 .ARM.attributes
                0x000006c0       0x34 c:/freescale/kds_v3/toolchain/bin/../lib/gcc/arm-none-eabi/4.8.4/../../../../arm-none-eabi/lib/armv7e-m/fpu\libg_s.a(lib_a-memchr-stub.o)
 .ARM.attributes
                0x000006f4       0x34 c:/freescale/kds_v3/toolchain/bin/../lib/gcc/arm-none-eabi/4.8.4/../../../../arm-none-eabi/lib/armv7e-m/fpu\libg_s.a(lib_a-memcpy-stub.o)
 .ARM.attributes
                0x00000728       0x34 c:/freescale/kds_v3/toolchain/bin/../lib/gcc/arm-none-eabi/4.8.4/../../../../arm-none-eabi/lib/armv7e-m/fpu\libg_s.a(lib_a-memmove.o)
 .ARM.attributes
                0x0000075c       0x34 c:/freescale/kds_v3/toolchain/bin/../lib/gcc/arm-none-eabi/4.8.4/../../../../arm-none-eabi/lib/armv7e-m/fpu\libg_s.a(lib_a-nano-freer.o)
 .ARM.attributes
                0x00000790       0x34 c:/freescale/kds_v3/toolchain/bin/../lib/gcc/arm-none-eabi/4.8.4/../../../../arm-none-eabi/lib/armv7e-m/fpu\libg_s.a(lib_a-nano-mallocr.o)
 .ARM.attributes
                0x000007c4       0x34 c:/freescale/kds_v3/toolchain/bin/../lib/gcc/arm-none-eabi/4.8.4/../../../../arm-none-eabi/lib/armv7e-m/fpu\libg_s.a(lib_a-nano-reallocr.o)
 .ARM.attributes
                0x000007f8       0x34 c:/freescale/kds_v3/toolchain/bin/../lib/gcc/arm-none-eabi/4.8.4/../../../../arm-none-eabi/lib/armv7e-m/fpu\libg_s.a(lib_a-sbrkr.o)
 .ARM.attributes
                0x0000082c       0x34 c:/freescale/kds_v3/toolchain/bin/../lib/gcc/arm-none-eabi/4.8.4/../../../../arm-none-eabi/lib/armv7e-m/fpu\libg_s.a(lib_a-stdio.o)
 .ARM.attributes
                0x00000860       0x34 c:/freescale/kds_v3/toolchain/bin/../lib/gcc/arm-none-eabi/4.8.4/../../../../arm-none-eabi/lib/armv7e-m/fpu\libg_s.a(lib_a-strlen.o)
 .ARM.attributes
                0x00000894       0x34 c:/freescale/kds_v3/toolchain/bin/../lib/gcc/arm-none-eabi/4.8.4/../../../../arm-none-eabi/lib/armv7e-m/fpu\libg_s.a(lib_a-writer.o)
 .ARM.attributes
                0x000008c8       0x34 c:/freescale/kds_v3/toolchain/bin/../lib/gcc/arm-none-eabi/4.8.4/../../../../arm-none-eabi/lib/armv7e-m/fpu\libg_s.a(lib_a-closer.o)
 .ARM.attributes
                0x000008fc       0x34 c:/freescale/kds_v3/toolchain/bin/../lib/gcc/arm-none-eabi/4.8.4/../../../../arm-none-eabi/lib/armv7e-m/fpu\libg_s.a(lib_a-fstatr.o)
 .ARM.attributes
                0x00000930       0x34 c:/freescale/kds_v3/toolchain/bin/../lib/gcc/arm-none-eabi/4.8.4/../../../../arm-none-eabi/lib/armv7e-m/fpu\libg_s.a(lib_a-isattyr.o)
 .ARM.attributes
                0x00000964       0x34 c:/freescale/kds_v3/toolchain/bin/../lib/gcc/arm-none-eabi/4.8.4/../../../../arm-none-eabi/lib/armv7e-m/fpu\libg_s.a(lib_a-lseekr.o)
 .ARM.attributes
                0x00000998       0x34 c:/freescale/kds_v3/toolchain/bin/../lib/gcc/arm-none-eabi/4.8.4/../../../../arm-none-eabi/lib/armv7e-m/fpu\libg_s.a(lib_a-nano-msizer.o)
 .ARM.attributes
                0x000009cc       0x34 c:/freescale/kds_v3/toolchain/bin/../lib/gcc/arm-none-eabi/4.8.4/../../../../arm-none-eabi/lib/armv7e-m/fpu\libg_s.a(lib_a-readr.o)
 .ARM.attributes
                0x00000a00       0x34 c:/freescale/kds_v3/toolchain/bin/../lib/gcc/arm-none-eabi/4.8.4/../../../../arm-none-eabi/lib/armv7e-m/fpu\libg_s.a(lib_a-reent.o)
 .ARM.attributes
                0x00000a34       0x34 c:/freescale/kds_v3/toolchain/bin/../lib/gcc/arm-none-eabi/4.8.4/../../../../arm-none-eabi/lib/armv7e-m/fpu\libnosys.a(close.o)
 .ARM.attributes
                0x00000a68       0x34 c:/freescale/kds_v3/toolchain/bin/../lib/gcc/arm-none-eabi/4.8.4/../../../../arm-none-eabi/lib/armv7e-m/fpu\libnosys.a(fstat.o)
 .ARM.attributes
                0x00000a9c       0x34 c:/freescale/kds_v3/toolchain/bin/../lib/gcc/arm-none-eabi/4.8.4/../../../../arm-none-eabi/lib/armv7e-m/fpu\libnosys.a(isatty.o)
 .ARM.attributes
                0x00000ad0       0x34 c:/freescale/kds_v3/toolchain/bin/../lib/gcc/arm-none-eabi/4.8.4/../../../../arm-none-eabi/lib/armv7e-m/fpu\libnosys.a(lseek.o)
 .ARM.attributes
                0x00000b04       0x34 c:/freescale/kds_v3/toolchain/bin/../lib/gcc/arm-none-eabi/4.8.4/../../../../arm-none-eabi/lib/armv7e-m/fpu\libnosys.a(sbrk.o)
 .ARM.attributes
                0x00000b38       0x34 c:/freescale/kds_v3/toolchain/bin/../lib/gcc/arm-none-eabi/4.8.4/../../../../arm-none-eabi/lib/armv7e-m/fpu\libnosys.a(_exit.o)
 .ARM.attributes
                0x00000b6c       0x22 c:/freescale/kds_v3/toolchain/bin/../lib/gcc/arm-none-eabi/4.8.4/armv7e-m/fpu/crtn.o
OUTPUT(Mini Project.elf elf32-littlearm)

.debug_info     0x00000000     0x4f43
 .debug_info    0x00000000      0xbe5 ./Static_Code/System/CPU_Init.o
 .debug_info    0x00000be5      0x826 ./Static_Code/System/Vectors.o
 .debug_info    0x0000140b       0xfc ./Sources/Events.o
 .debug_info    0x00001507      0x6fa ./Sources/main.o
 .debug_info    0x00001c01      0x3b0 ./Project_Settings/Startup_Code/startup.o
 .debug_info    0x00001fb1      0x36e ./Generated_Code/Cpu.o
 .debug_info    0x0000231f      0x329 ./Generated_Code/CsIO1.o
 .debug_info    0x00002648      0x5ca ./Generated_Code/IFsh1.o
 .debug_info    0x00002c12      0x753 ./Generated_Code/IO1.o
 .debug_info    0x00003365      0xe27 ./Generated_Code/IntFlashLdd1.o
 .debug_info    0x0000418c       0xa7 ./Generated_Code/MCUC1.o
 .debug_info    0x00004233      0x251 ./Generated_Code/PE_LDD.o
 .debug_info    0x00004484      0x94c ./Generated_Code/SM1.o
 .debug_info    0x00004dd0      0x173 ./Generated_Code/WAIT1.o

.debug_abbrev   0x00000000     0x1243
 .debug_abbrev  0x00000000      0x1db ./Static_Code/System/CPU_Init.o
 .debug_abbrev  0x000001db       0xd8 ./Static_Code/System/Vectors.o
 .debug_abbrev  0x000002b3       0x82 ./Sources/Events.o
 .debug_abbrev  0x00000335      0x1cc ./Sources/main.o
 .debug_abbrev  0x00000501      0x189 ./Project_Settings/Startup_Code/startup.o
 .debug_abbrev  0x0000068a       0xed ./Generated_Code/Cpu.o
 .debug_abbrev  0x00000777      0x121 ./Generated_Code/CsIO1.o
 .debug_abbrev  0x00000898      0x185 ./Generated_Code/IFsh1.o
 .debug_abbrev  0x00000a1d      0x1bf ./Generated_Code/IO1.o
 .debug_abbrev  0x00000bdc      0x239 ./Generated_Code/IntFlashLdd1.o
 .debug_abbrev  0x00000e15       0x45 ./Generated_Code/MCUC1.o
 .debug_abbrev  0x00000e5a      0x127 ./Generated_Code/PE_LDD.o
 .debug_abbrev  0x00000f81      0x1f7 ./Generated_Code/SM1.o
 .debug_abbrev  0x00001178       0xcb ./Generated_Code/WAIT1.o

.debug_aranges  0x00000000      0x708
 .debug_aranges
                0x00000000       0x50 ./Static_Code/System/CPU_Init.o
 .debug_aranges
                0x00000050      0x340 ./Static_Code/System/Vectors.o
 .debug_aranges
                0x00000390       0x38 ./Sources/Events.o
 .debug_aranges
                0x000003c8       0x40 ./Sources/main.o
 .debug_aranges
                0x00000408       0x50 ./Project_Settings/Startup_Code/startup.o
 .debug_aranges
                0x00000458       0x30 ./Generated_Code/Cpu.o
 .debug_aranges
                0x00000488       0x28 ./Generated_Code/CsIO1.o
 .debug_aranges
                0x000004b0       0x88 ./Generated_Code/IFsh1.o
 .debug_aranges
                0x00000538       0x48 ./Generated_Code/IO1.o
 .debug_aranges
                0x00000580       0x88 ./Generated_Code/IntFlashLdd1.o
 .debug_aranges
                0x00000608       0x28 ./Generated_Code/MCUC1.o
 .debug_aranges
                0x00000630       0x30 ./Generated_Code/PE_LDD.o
 .debug_aranges
                0x00000660       0x58 ./Generated_Code/SM1.o
 .debug_aranges
                0x000006b8       0x50 ./Generated_Code/WAIT1.o

.debug_ranges   0x00000000      0x628
 .debug_ranges  0x00000000       0x40 ./Static_Code/System/CPU_Init.o
 .debug_ranges  0x00000040      0x330 ./Static_Code/System/Vectors.o
 .debug_ranges  0x00000370       0x28 ./Sources/Events.o
 .debug_ranges  0x00000398       0x30 ./Sources/main.o
 .debug_ranges  0x000003c8       0x40 ./Project_Settings/Startup_Code/startup.o
 .debug_ranges  0x00000408       0x20 ./Generated_Code/Cpu.o
 .debug_ranges  0x00000428       0x18 ./Generated_Code/CsIO1.o
 .debug_ranges  0x00000440       0x78 ./Generated_Code/IFsh1.o
 .debug_ranges  0x000004b8       0x38 ./Generated_Code/IO1.o
 .debug_ranges  0x000004f0       0x78 ./Generated_Code/IntFlashLdd1.o
 .debug_ranges  0x00000568       0x18 ./Generated_Code/MCUC1.o
 .debug_ranges  0x00000580       0x20 ./Generated_Code/PE_LDD.o
 .debug_ranges  0x000005a0       0x48 ./Generated_Code/SM1.o
 .debug_ranges  0x000005e8       0x40 ./Generated_Code/WAIT1.o

.debug_macro    0x00000000    0x30d75
 .debug_macro   0x00000000      0x276 ./Static_Code/System/CPU_Init.o
 .debug_macro   0x00000276      0x850 ./Static_Code/System/CPU_Init.o
 .debug_macro   0x00000ac6       0x16 ./Static_Code/System/CPU_Init.o
 .debug_macro   0x00000adc       0x44 ./Static_Code/System/CPU_Init.o
 .debug_macro   0x00000b20      0x209 ./Static_Code/System/CPU_Init.o
 .debug_macro   0x00000d29     0x1783 ./Static_Code/System/CPU_Init.o
 .debug_macro   0x000024ac    0x110ae ./Static_Code/System/CPU_Init.o
 .debug_macro   0x0001355a      0x622 ./Static_Code/System/CPU_Init.o
 .debug_macro   0x00013b7c      0x14e ./Static_Code/System/CPU_Init.o
 .debug_macro   0x00013cca       0x6a ./Static_Code/System/CPU_Init.o
 .debug_macro   0x00013d34       0x58 ./Static_Code/System/CPU_Init.o
 .debug_macro   0x00013d8c       0x35 ./Static_Code/System/CPU_Init.o
 .debug_macro   0x00013dc1       0xa3 ./Static_Code/System/CPU_Init.o
 .debug_macro   0x00013e64       0x16 ./Static_Code/System/CPU_Init.o
 .debug_macro   0x00013e7a       0x10 ./Static_Code/System/CPU_Init.o
 .debug_macro   0x00013e8a       0x1c ./Static_Code/System/CPU_Init.o
 .debug_macro   0x00013ea6       0x97 ./Static_Code/System/CPU_Init.o
 .debug_macro   0x00013f3d       0x10 ./Static_Code/System/CPU_Init.o
 .debug_macro   0x00013f4d       0xef ./Static_Code/System/CPU_Init.o
 .debug_macro   0x0001403c       0x52 ./Static_Code/System/CPU_Init.o
 .debug_macro   0x0001408e       0x16 ./Static_Code/System/CPU_Init.o
 .debug_macro   0x000140a4       0x43 ./Static_Code/System/CPU_Init.o
 .debug_macro   0x000140e7      0x180 ./Static_Code/System/CPU_Init.o
 .debug_macro   0x00014267       0x10 ./Static_Code/System/CPU_Init.o
 .debug_macro   0x00014277       0x22 ./Static_Code/System/CPU_Init.o
 .debug_macro   0x00014299       0xbd ./Static_Code/System/CPU_Init.o
 .debug_macro   0x00014356       0x16 ./Static_Code/System/CPU_Init.o
 .debug_macro   0x0001436c      0x14a ./Static_Code/System/CPU_Init.o
 .debug_macro   0x000144b6       0x40 ./Static_Code/System/CPU_Init.o
 .debug_macro   0x000144f6       0x94 ./Static_Code/System/CPU_Init.o
 .debug_macro   0x0001458a      0x642 ./Static_Code/System/CPU_Init.o
 .debug_macro   0x00014bcc       0x4a ./Static_Code/System/CPU_Init.o
 .debug_macro   0x00014c16       0xc8 ./Static_Code/System/CPU_Init.o
 .debug_macro   0x00014cde       0x16 ./Static_Code/System/CPU_Init.o
 .debug_macro   0x00014cf4       0x37 ./Static_Code/System/CPU_Init.o
 .debug_macro   0x00014d2b      0x50f ./Static_Code/System/CPU_Init.o
 .debug_macro   0x0001523a      0x1f9 ./Static_Code/System/CPU_Init.o
 .debug_macro   0x00015433       0xcc ./Static_Code/System/CPU_Init.o
 .debug_macro   0x000154ff       0x20 ./Static_Code/System/CPU_Init.o
 .debug_macro   0x0001551f      0x299 ./Static_Code/System/CPU_Init.o
 .debug_macro   0x000157b8      0x264 ./Static_Code/System/Vectors.o
 .debug_macro   0x00015a1c      0x398 ./Sources/Events.o
 .debug_macro   0x00015db4       0x3a ./Sources/Events.o
 .debug_macro   0x00015dee      0x61c ./Sources/Events.o
 .debug_macro   0x0001640a      0x625 ./Sources/Events.o
 .debug_macro   0x00016a2f      0x328 ./Sources/Events.o
 .debug_macro   0x00016d57      0x1e9 ./Sources/Events.o
 .debug_macro   0x00016f40      0x109 ./Sources/Events.o
 .debug_macro   0x00017049      0x17f ./Sources/Events.o
 .debug_macro   0x000171c8      0x202 ./Sources/Events.o
 .debug_macro   0x000173ca      0x91e ./Sources/Events.o
 .debug_macro   0x00017ce8      0x585 ./Sources/Events.o
 .debug_macro   0x0001826d       0x9e ./Sources/Events.o
 .debug_macro   0x0001830b      0x6a6 ./Sources/Events.o
 .debug_macro   0x000189b1      0x132 ./Sources/Events.o
 .debug_macro   0x00018ae3      0x29c ./Sources/Events.o
 .debug_macro   0x00018d7f      0x264 ./Sources/Events.o
 .debug_macro   0x00018fe3      0x25b ./Sources/Events.o
 .debug_macro   0x0001923e      0x4f1 ./Sources/Events.o
 .debug_macro   0x0001972f      0x13f ./Sources/Events.o
 .debug_macro   0x0001986e       0x6c ./Sources/Events.o
 .debug_macro   0x000198da      0x30d ./Sources/Events.o
 .debug_macro   0x00019be7       0xbb ./Sources/Events.o
 .debug_macro   0x00019ca2       0xe9 ./Sources/Events.o
 .debug_macro   0x00019d8b      0x4ea ./Sources/Events.o
 .debug_macro   0x0001a275      0x18f ./Sources/Events.o
 .debug_macro   0x0001a404       0xea ./Sources/Events.o
 .debug_macro   0x0001a4ee      0x344 ./Sources/Events.o
 .debug_macro   0x0001a832      0x824 ./Sources/Events.o
 .debug_macro   0x0001b056      0x179 ./Sources/Events.o
 .debug_macro   0x0001b1cf      0x644 ./Sources/Events.o
 .debug_macro   0x0001b813      0xa28 ./Sources/Events.o
 .debug_macro   0x0001c23b      0x124 ./Sources/Events.o
 .debug_macro   0x0001c35f       0x81 ./Sources/Events.o
 .debug_macro   0x0001c3e0      0x7bf ./Sources/Events.o
 .debug_macro   0x0001cb9f      0x10f ./Sources/Events.o
 .debug_macro   0x0001ccae      0x66f ./Sources/Events.o
 .debug_macro   0x0001d31d       0x7b ./Sources/Events.o
 .debug_macro   0x0001d398      0x182 ./Sources/Events.o
 .debug_macro   0x0001d51a      0x39c ./Sources/main.o
 .debug_macro   0x0001d8b6      0x121 ./Project_Settings/Startup_Code/startup.o
 .debug_macro   0x0001d9d7      0x166 ./Project_Settings/Startup_Code/startup.o
 .debug_macro   0x0001db3d       0x4a ./Project_Settings/Startup_Code/startup.o
 .debug_macro   0x0001db87      0x2a6 ./Project_Settings/Startup_Code/startup.o
 .debug_macro   0x0001de2d       0x10 ./Project_Settings/Startup_Code/startup.o
 .debug_macro   0x0001de3d       0x35 ./Project_Settings/Startup_Code/startup.o
 .debug_macro   0x0001de72       0x16 ./Project_Settings/Startup_Code/startup.o
 .debug_macro   0x0001de88       0x22 ./Project_Settings/Startup_Code/startup.o
 .debug_macro   0x0001deaa       0x10 ./Project_Settings/Startup_Code/startup.o
 .debug_macro   0x0001deba      0x20f ./Project_Settings/Startup_Code/startup.o
 .debug_macro   0x0001e0c9    0x110a2 ./Project_Settings/Startup_Code/startup.o
 .debug_macro   0x0002f16b      0x25e ./Generated_Code/Cpu.o
 .debug_macro   0x0002f3c9      0x143 ./Generated_Code/CsIO1.o
 .debug_macro   0x0002f50c       0x16 ./Generated_Code/CsIO1.o
 .debug_macro   0x0002f522       0x52 ./Generated_Code/CsIO1.o
 .debug_macro   0x0002f574      0x7b9 ./Generated_Code/CsIO1.o
 .debug_macro   0x0002fd2d      0x291 ./Generated_Code/IFsh1.o
 .debug_macro   0x0002ffbe      0x108 ./Generated_Code/IO1.o
 .debug_macro   0x000300c6      0x139 ./Generated_Code/IntFlashLdd1.o
 .debug_macro   0x000301ff      0x509 ./Generated_Code/IntFlashLdd1.o
 .debug_macro   0x00030708       0xe5 ./Generated_Code/MCUC1.o
 .debug_macro   0x000307ed      0x230 ./Generated_Code/PE_LDD.o
 .debug_macro   0x00030a1d      0x25b ./Generated_Code/SM1.o
 .debug_macro   0x00030c78       0xfd ./Generated_Code/WAIT1.o

.debug_line     0x00000000     0x4de8
 .debug_line    0x00000000      0x67a ./Static_Code/System/CPU_Init.o
 .debug_line    0x0000067a      0xbc5 ./Static_Code/System/Vectors.o
 .debug_line    0x0000123f      0x68e ./Sources/Events.o
 .debug_line    0x000018cd      0x7e8 ./Sources/main.o
 .debug_line    0x000020b5      0x3d7 ./Project_Settings/Startup_Code/startup.o
 .debug_line    0x0000248c      0x525 ./Generated_Code/Cpu.o
 .debug_line    0x000029b1      0x323 ./Generated_Code/CsIO1.o
 .debug_line    0x00002cd4      0x60d ./Generated_Code/IFsh1.o
 .debug_line    0x000032e1      0x3ee ./Generated_Code/IO1.o
 .debug_line    0x000036cf      0x5f5 ./Generated_Code/IntFlashLdd1.o
 .debug_line    0x00003cc4      0x30f ./Generated_Code/MCUC1.o
 .debug_line    0x00003fd3      0x4b2 ./Generated_Code/PE_LDD.o
 .debug_line    0x00004485      0x5b7 ./Generated_Code/SM1.o
 .debug_line    0x00004a3c      0x3ac ./Generated_Code/WAIT1.o

.debug_str      0x00000000    0xed44f
 .debug_str     0x00000000    0x7b501 ./Static_Code/System/CPU_Init.o
                              0x7b71a (size before relaxing)
 .debug_str     0x0007b501      0x98a ./Static_Code/System/Vectors.o
                              0x7babd (size before relaxing)
 .debug_str     0x0007be8b    0x6f0dc ./Sources/Events.o
                              0xe9189 (size before relaxing)
 .debug_str     0x000eaf67      0x11b ./Sources/main.o
                              0xe9378 (size before relaxing)
 .debug_str     0x000eb082     0x1094 ./Project_Settings/Startup_Code/startup.o
                              0x636a6 (size before relaxing)
 .debug_str     0x000ec116       0x34 ./Generated_Code/Cpu.o
                              0x7a224 (size before relaxing)
 .debug_str     0x000ec14a      0x1a0 ./Generated_Code/CsIO1.o
                              0x6a891 (size before relaxing)
 .debug_str     0x000ec2ea      0x58c ./Generated_Code/IFsh1.o
                              0x7a706 (size before relaxing)
 .debug_str     0x000ec876      0x148 ./Generated_Code/IO1.o
                              0x79849 (size before relaxing)
 .debug_str     0x000ec9be      0x629 ./Generated_Code/IntFlashLdd1.o
                              0x72b8e (size before relaxing)
 .debug_str     0x000ecfe7       0x32 ./Generated_Code/MCUC1.o
                              0x6abcb (size before relaxing)
 .debug_str     0x000ed019      0x166 ./Generated_Code/PE_LDD.o
                              0x7a283 (size before relaxing)
 .debug_str     0x000ed17f      0x234 ./Generated_Code/SM1.o
                              0x7a5d8 (size before relaxing)
 .debug_str     0x000ed3b3       0x9c ./Generated_Code/WAIT1.o
                              0x6b095 (size before relaxing)

.comment        0x00000000       0x70
 .comment       0x00000000       0x70 ./Static_Code/System/CPU_Init.o
                                 0x71 (size before relaxing)
 .comment       0x00000000       0x71 ./Static_Code/System/Vectors.o
 .comment       0x00000000       0x71 ./Sources/Events.o
 .comment       0x00000000       0x71 ./Sources/main.o
 .comment       0x00000000       0x71 ./Project_Settings/Startup_Code/startup.o
 .comment       0x00000000       0x71 ./Generated_Code/Cpu.o
 .comment       0x00000000       0x71 ./Generated_Code/CsIO1.o
 .comment       0x00000000       0x71 ./Generated_Code/IFsh1.o
 .comment       0x00000000       0x71 ./Generated_Code/IO1.o
 .comment       0x00000000       0x71 ./Generated_Code/IntFlashLdd1.o
 .comment       0x00000000       0x71 ./Generated_Code/MCUC1.o
 .comment       0x00000000       0x71 ./Generated_Code/PE_LDD.o
 .comment       0x00000000       0x71 ./Generated_Code/SM1.o
 .comment       0x00000000       0x71 ./Generated_Code/WAIT1.o

.debug_frame    0x00000000     0x1fc8
 .debug_frame   0x00000000       0xd4 ./Static_Code/System/CPU_Init.o
 .debug_frame   0x000000d4      0xcb0 ./Static_Code/System/Vectors.o
 .debug_frame   0x00000d84       0x78 ./Sources/Events.o
 .debug_frame   0x00000dfc       0xac ./Sources/main.o
 .debug_frame   0x00000ea8       0xc0 ./Project_Settings/Startup_Code/startup.o
 .debug_frame   0x00000f68       0x68 ./Generated_Code/Cpu.o
 .debug_frame   0x00000fd0       0x48 ./Generated_Code/CsIO1.o
 .debug_frame   0x00001018      0x1b8 ./Generated_Code/IFsh1.o
 .debug_frame   0x000011d0       0xc8 ./Generated_Code/IO1.o
 .debug_frame   0x00001298      0x1c4 ./Generated_Code/IntFlashLdd1.o
 .debug_frame   0x0000145c       0x40 ./Generated_Code/MCUC1.o
 .debug_frame   0x0000149c       0x68 ./Generated_Code/PE_LDD.o
 .debug_frame   0x00001504      0x108 ./Generated_Code/SM1.o
 .debug_frame   0x0000160c       0xc0 ./Generated_Code/WAIT1.o
 .debug_frame   0x000016cc       0x28 c:/freescale/kds_v3/toolchain/bin/../lib/gcc/arm-none-eabi/4.8.4/../../../../arm-none-eabi/lib/armv7e-m/fpu\libg_s.a(lib_a-exit.o)
 .debug_frame   0x000016f4       0x2c c:/freescale/kds_v3/toolchain/bin/../lib/gcc/arm-none-eabi/4.8.4/../../../../arm-none-eabi/lib/armv7e-m/fpu\libg_s.a(lib_a-init.o)
 .debug_frame   0x00001720       0x20 c:/freescale/kds_v3/toolchain/bin/../lib/gcc/arm-none-eabi/4.8.4/../../../../arm-none-eabi/lib/armv7e-m/fpu\libg_s.a(lib_a-memset.o)
 .debug_frame   0x00001740       0x60 c:/freescale/kds_v3/toolchain/bin/../lib/gcc/arm-none-eabi/4.8.4/../../../../arm-none-eabi/lib/armv7e-m/fpu\libg_s.a(lib_a-printf.o)
 .debug_frame   0x000017a0       0x58 c:/freescale/kds_v3/toolchain/bin/../lib/gcc/arm-none-eabi/4.8.4/../../../../arm-none-eabi/lib/armv7e-m/fpu\libg_s.a(lib_a-sprintf.o)
 .debug_frame   0x000017f8       0x20 c:/freescale/kds_v3/toolchain/bin/../lib/gcc/arm-none-eabi/4.8.4/../../../../arm-none-eabi/lib/armv7e-m/fpu\libg_s.a(lib_a-strcpy.o)
 .debug_frame   0x00001818       0x88 c:/freescale/kds_v3/toolchain/bin/../lib/gcc/arm-none-eabi/4.8.4/../../../../arm-none-eabi/lib/armv7e-m/fpu\libg_s.a(lib_a-svfprintf.o)
 .debug_frame   0x000018a0       0xa8 c:/freescale/kds_v3/toolchain/bin/../lib/gcc/arm-none-eabi/4.8.4/../../../../arm-none-eabi/lib/armv7e-m/fpu\libg_s.a(lib_a-vfprintf.o)
 .debug_frame   0x00001948       0x60 c:/freescale/kds_v3/toolchain/bin/../lib/gcc/arm-none-eabi/4.8.4/../../../../arm-none-eabi/lib/armv7e-m/fpu\libg_s.a(lib_a-vfprintf_i.o)
 .debug_frame   0x000019a8       0x3c c:/freescale/kds_v3/toolchain/bin/../lib/gcc/arm-none-eabi/4.8.4/../../../../arm-none-eabi/lib/armv7e-m/fpu\libg_s.a(lib_a-wbuf.o)
 .debug_frame   0x000019e4       0x2c c:/freescale/kds_v3/toolchain/bin/../lib/gcc/arm-none-eabi/4.8.4/../../../../arm-none-eabi/lib/armv7e-m/fpu\libg_s.a(lib_a-wsetup.o)
 .debug_frame   0x00001a10       0x5c c:/freescale/kds_v3/toolchain/bin/../lib/gcc/arm-none-eabi/4.8.4/../../../../arm-none-eabi/lib/armv7e-m/fpu\libg_s.a(lib_a-fflush.o)
 .debug_frame   0x00001a6c      0x12c c:/freescale/kds_v3/toolchain/bin/../lib/gcc/arm-none-eabi/4.8.4/../../../../arm-none-eabi/lib/armv7e-m/fpu\libg_s.a(lib_a-findfp.o)
 .debug_frame   0x00001b98       0x30 c:/freescale/kds_v3/toolchain/bin/../lib/gcc/arm-none-eabi/4.8.4/../../../../arm-none-eabi/lib/armv7e-m/fpu\libg_s.a(lib_a-makebuf.o)
 .debug_frame   0x00001bc8       0x28 c:/freescale/kds_v3/toolchain/bin/../lib/gcc/arm-none-eabi/4.8.4/../../../../arm-none-eabi/lib/armv7e-m/fpu\libg_s.a(lib_a-memchr-stub.o)
 .debug_frame   0x00001bf0       0x28 c:/freescale/kds_v3/toolchain/bin/../lib/gcc/arm-none-eabi/4.8.4/../../../../arm-none-eabi/lib/armv7e-m/fpu\libg_s.a(lib_a-memcpy-stub.o)
 .debug_frame   0x00001c18       0x2c c:/freescale/kds_v3/toolchain/bin/../lib/gcc/arm-none-eabi/4.8.4/../../../../arm-none-eabi/lib/armv7e-m/fpu\libg_s.a(lib_a-memmove.o)
 .debug_frame   0x00001c44       0x2c c:/freescale/kds_v3/toolchain/bin/../lib/gcc/arm-none-eabi/4.8.4/../../../../arm-none-eabi/lib/armv7e-m/fpu\libg_s.a(lib_a-nano-freer.o)
 .debug_frame   0x00001c70       0x2c c:/freescale/kds_v3/toolchain/bin/../lib/gcc/arm-none-eabi/4.8.4/../../../../arm-none-eabi/lib/armv7e-m/fpu\libg_s.a(lib_a-nano-mallocr.o)
 .debug_frame   0x00001c9c       0x30 c:/freescale/kds_v3/toolchain/bin/../lib/gcc/arm-none-eabi/4.8.4/../../../../arm-none-eabi/lib/armv7e-m/fpu\libg_s.a(lib_a-nano-reallocr.o)
 .debug_frame   0x00001ccc       0x2c c:/freescale/kds_v3/toolchain/bin/../lib/gcc/arm-none-eabi/4.8.4/../../../../arm-none-eabi/lib/armv7e-m/fpu\libg_s.a(lib_a-sbrkr.o)
 .debug_frame   0x00001cf8       0x80 c:/freescale/kds_v3/toolchain/bin/../lib/gcc/arm-none-eabi/4.8.4/../../../../arm-none-eabi/lib/armv7e-m/fpu\libg_s.a(lib_a-stdio.o)
 .debug_frame   0x00001d78       0x20 c:/freescale/kds_v3/toolchain/bin/../lib/gcc/arm-none-eabi/4.8.4/../../../../arm-none-eabi/lib/armv7e-m/fpu\libg_s.a(lib_a-strlen.o)
 .debug_frame   0x00001d98       0x2c c:/freescale/kds_v3/toolchain/bin/../lib/gcc/arm-none-eabi/4.8.4/../../../../arm-none-eabi/lib/armv7e-m/fpu\libg_s.a(lib_a-writer.o)
 .debug_frame   0x00001dc4       0x2c c:/freescale/kds_v3/toolchain/bin/../lib/gcc/arm-none-eabi/4.8.4/../../../../arm-none-eabi/lib/armv7e-m/fpu\libg_s.a(lib_a-closer.o)
 .debug_frame   0x00001df0       0x2c c:/freescale/kds_v3/toolchain/bin/../lib/gcc/arm-none-eabi/4.8.4/../../../../arm-none-eabi/lib/armv7e-m/fpu\libg_s.a(lib_a-fstatr.o)
 .debug_frame   0x00001e1c       0x2c c:/freescale/kds_v3/toolchain/bin/../lib/gcc/arm-none-eabi/4.8.4/../../../../arm-none-eabi/lib/armv7e-m/fpu\libg_s.a(lib_a-isattyr.o)
 .debug_frame   0x00001e48       0x2c c:/freescale/kds_v3/toolchain/bin/../lib/gcc/arm-none-eabi/4.8.4/../../../../arm-none-eabi/lib/armv7e-m/fpu\libg_s.a(lib_a-lseekr.o)
 .debug_frame   0x00001e74       0x20 c:/freescale/kds_v3/toolchain/bin/../lib/gcc/arm-none-eabi/4.8.4/../../../../arm-none-eabi/lib/armv7e-m/fpu\libg_s.a(lib_a-nano-msizer.o)
 .debug_frame   0x00001e94       0x2c c:/freescale/kds_v3/toolchain/bin/../lib/gcc/arm-none-eabi/4.8.4/../../../../arm-none-eabi/lib/armv7e-m/fpu\libg_s.a(lib_a-readr.o)
 .debug_frame   0x00001ec0       0x48 c:/freescale/kds_v3/toolchain/bin/../lib/gcc/arm-none-eabi/4.8.4/../../../../arm-none-eabi/lib/armv7e-m/fpu\libg_s.a(lib_a-reent.o)
 .debug_frame   0x00001f08       0x20 c:/freescale/kds_v3/toolchain/bin/../lib/gcc/arm-none-eabi/4.8.4/../../../../arm-none-eabi/lib/armv7e-m/fpu\libnosys.a(close.o)
 .debug_frame   0x00001f28       0x20 c:/freescale/kds_v3/toolchain/bin/../lib/gcc/arm-none-eabi/4.8.4/../../../../arm-none-eabi/lib/armv7e-m/fpu\libnosys.a(fstat.o)
 .debug_frame   0x00001f48       0x20 c:/freescale/kds_v3/toolchain/bin/../lib/gcc/arm-none-eabi/4.8.4/../../../../arm-none-eabi/lib/armv7e-m/fpu\libnosys.a(isatty.o)
 .debug_frame   0x00001f68       0x20 c:/freescale/kds_v3/toolchain/bin/../lib/gcc/arm-none-eabi/4.8.4/../../../../arm-none-eabi/lib/armv7e-m/fpu\libnosys.a(lseek.o)
 .debug_frame   0x00001f88       0x20 c:/freescale/kds_v3/toolchain/bin/../lib/gcc/arm-none-eabi/4.8.4/../../../../arm-none-eabi/lib/armv7e-m/fpu\libnosys.a(sbrk.o)
 .debug_frame   0x00001fa8       0x20 c:/freescale/kds_v3/toolchain/bin/../lib/gcc/arm-none-eabi/4.8.4/../../../../arm-none-eabi/lib/armv7e-m/fpu\libnosys.a(_exit.o)

.stab           0x00000000       0x6c
 .stab          0x00000000       0x24 c:/freescale/kds_v3/toolchain/bin/../lib/gcc/arm-none-eabi/4.8.4/../../../../arm-none-eabi/lib/armv7e-m/fpu\libnosys.a(close.o)
 .stab          0x00000024       0x18 c:/freescale/kds_v3/toolchain/bin/../lib/gcc/arm-none-eabi/4.8.4/../../../../arm-none-eabi/lib/armv7e-m/fpu\libnosys.a(fstat.o)
                                 0x24 (size before relaxing)
 .stab          0x0000003c       0x18 c:/freescale/kds_v3/toolchain/bin/../lib/gcc/arm-none-eabi/4.8.4/../../../../arm-none-eabi/lib/armv7e-m/fpu\libnosys.a(isatty.o)
                                 0x24 (size before relaxing)
 .stab          0x00000054       0x18 c:/freescale/kds_v3/toolchain/bin/../lib/gcc/arm-none-eabi/4.8.4/../../../../arm-none-eabi/lib/armv7e-m/fpu\libnosys.a(lseek.o)
                                 0x24 (size before relaxing)

.stabstr        0x00000000       0xe3
 .stabstr       0x00000000       0xe3 c:/freescale/kds_v3/toolchain/bin/../lib/gcc/arm-none-eabi/4.8.4/../../../../arm-none-eabi/lib/armv7e-m/fpu\libnosys.a(close.o)
